[29-May-2026 02:01:08 UTC] PHP Fatal error:  Uncaught mysqli_sql_exception: Cannot delete or update a parent row: a foreign key constraint fails in /home/jak/git_repos/temper/app/setup-database/03-funds.php:9
Stack trace:
#0 /home/jak/git_repos/temper/app/setup-database/03-funds.php(9): mysqli->query()
#1 /home/jak/git_repos/temper/app/setup_db.php(19): include('...')
#2 {main}
  thrown in /home/jak/git_repos/temper/app/setup-database/03-funds.php on line 9
[29-May-2026 09:54:40 UTC] PHP Fatal error:  Uncaught mysqli_sql_exception: Can't create table `treasurer_db`.`transaction_lines` (errno: 150 "Foreign key constraint is incorrectly formed") in /home/jak/git_repos/temper/app/setup-database/04-transactions.php:56
Stack trace:
#0 /home/jak/git_repos/temper/app/setup-database/04-transactions.php(56): mysqli->query()
#1 /home/jak/git_repos/temper/app/setup_db.php(19): include('...')
#2 {main}
  thrown in /home/jak/git_repos/temper/app/setup-database/04-transactions.php on line 56
[29-May-2026 10:36:51 UTC] PHP Warning:  Undefined variable $connection in /home/jak/git_repos/temper/app/setup_db.php on line 22
[29-May-2026 10:36:51 UTC] PHP Fatal error:  Uncaught TypeError: mysqli_query(): Argument #1 ($mysql) must be of type mysqli, null given in /home/jak/git_repos/temper/app/setup_db.php:22
Stack trace:
#0 /home/jak/git_repos/temper/app/setup_db.php(22): mysqli_query()
#1 {main}
  thrown in /home/jak/git_repos/temper/app/setup_db.php on line 22
[29-May-2026 23:16:59 UTC] PHP Fatal error:  Uncaught mysqli_sql_exception: Cannot delete or update a parent row: a foreign key constraint fails in /home/jak/git_repos/temper/app/setup_db.php:25
Stack trace:
#0 /home/jak/git_repos/temper/app/setup_db.php(25): mysqli_query()
#1 {main}
  thrown in /home/jak/git_repos/temper/app/setup_db.php on line 25
[29-May-2026 23:20:10 UTC] PHP Warning:  Constant RUNNING_FROM_MASTER_SETUP already defined, this will be an error in PHP 9 in /home/jak/git_repos/temper/app/setup_db.php on line 47
[29-May-2026 23:20:10 UTC] PHP Warning:  Constant RUNNING_FROM_MASTER_SETUP already defined, this will be an error in PHP 9 in /home/jak/git_repos/temper/app/setup_db.php on line 47
[29-May-2026 23:20:10 UTC] PHP Fatal error:  Uncaught mysqli_sql_exception: Duplicate entry 'BF' for key 'code' in /home/jak/git_repos/temper/app/setup-database/03-funds.php:59
Stack trace:
#0 /home/jak/git_repos/temper/app/setup-database/03-funds.php(59): mysqli->query()
#1 /home/jak/git_repos/temper/app/setup_db.php(48): include('...')
#2 {main}
  thrown in /home/jak/git_repos/temper/app/setup-database/03-funds.php on line 59
[29-May-2026 23:21:43 UTC] PHP Warning:  Constant RUNNING_FROM_MASTER_SETUP already defined, this will be an error in PHP 9 in /home/jak/git_repos/temper/app/setup_db.php on line 47
[29-May-2026 23:21:44 UTC] PHP Warning:  Constant RUNNING_FROM_MASTER_SETUP already defined, this will be an error in PHP 9 in /home/jak/git_repos/temper/app/setup_db.php on line 47
[29-May-2026 23:21:44 UTC] PHP Fatal error:  Uncaught mysqli_sql_exception: Duplicate entry 'BF' for key 'code' in /home/jak/git_repos/temper/app/setup-database/03-funds.php:59
Stack trace:
#0 /home/jak/git_repos/temper/app/setup-database/03-funds.php(59): mysqli->query()
#1 /home/jak/git_repos/temper/app/setup_db.php(48): include('...')
#2 {main}
  thrown in /home/jak/git_repos/temper/app/setup-database/03-funds.php on line 59
[29-May-2026 23:25:25 UTC] PHP Warning:  Constant RUNNING_FROM_MASTER_SETUP already defined, this will be an error in PHP 9 in /home/jak/git_repos/temper/app/setup_db.php on line 47
[29-May-2026 23:25:25 UTC] PHP Warning:  Constant RUNNING_FROM_MASTER_SETUP already defined, this will be an error in PHP 9 in /home/jak/git_repos/temper/app/setup_db.php on line 47
[29-May-2026 23:25:25 UTC] PHP Fatal error:  Uncaught mysqli_sql_exception: Duplicate entry 'GOF' for key 'code' in /home/jak/git_repos/temper/app/setup-database/03-funds.php:57
Stack trace:
#0 /home/jak/git_repos/temper/app/setup-database/03-funds.php(57): mysqli->query()
#1 /home/jak/git_repos/temper/app/setup_db.php(48): include('...')
#2 {main}
  thrown in /home/jak/git_repos/temper/app/setup-database/03-funds.php on line 57
[29-May-2026 23:26:42 UTC] PHP Warning:  Constant RUNNING_FROM_MASTER_SETUP already defined, this will be an error in PHP 9 in /home/jak/git_repos/temper/app/setup_db.php on line 47
[29-May-2026 23:26:42 UTC] PHP Warning:  Constant RUNNING_FROM_MASTER_SETUP already defined, this will be an error in PHP 9 in /home/jak/git_repos/temper/app/setup_db.php on line 47
[29-May-2026 23:26:42 UTC] PHP Warning:  Constant RUNNING_FROM_MASTER_SETUP already defined, this will be an error in PHP 9 in /home/jak/git_repos/temper/app/setup_db.php on line 47
[29-May-2026 23:26:42 UTC] PHP Fatal error:  Uncaught mysqli_sql_exception: Can't create table `treasurer_db`.`transaction_lines` (errno: 150 "Foreign key constraint is incorrectly formed") in /home/jak/git_repos/temper/app/setup-database/04-transactions.php:57
Stack trace:
#0 /home/jak/git_repos/temper/app/setup-database/04-transactions.php(57): mysqli->query()
#1 /home/jak/git_repos/temper/app/setup_db.php(48): include('...')
#2 {main}
  thrown in /home/jak/git_repos/temper/app/setup-database/04-transactions.php on line 57
[29-May-2026 23:28:38 UTC] PHP Warning:  Constant RUNNING_FROM_MASTER_SETUP already defined, this will be an error in PHP 9 in /home/jak/git_repos/temper/app/setup_db.php on line 47
[29-May-2026 23:28:39 UTC] PHP Warning:  Constant RUNNING_FROM_MASTER_SETUP already defined, this will be an error in PHP 9 in /home/jak/git_repos/temper/app/setup_db.php on line 47
[29-May-2026 23:28:39 UTC] PHP Warning:  Constant RUNNING_FROM_MASTER_SETUP already defined, this will be an error in PHP 9 in /home/jak/git_repos/temper/app/setup_db.php on line 47
[29-May-2026 23:28:39 UTC] PHP Warning:  Constant RUNNING_FROM_MASTER_SETUP already defined, this will be an error in PHP 9 in /home/jak/git_repos/temper/app/setup_db.php on line 47
[29-May-2026 23:28:39 UTC] PHP Warning:  Constant RUNNING_FROM_MASTER_SETUP already defined, this will be an error in PHP 9 in /home/jak/git_repos/temper/app/setup_db.php on line 47
[31-May-2026 12:55:08 UTC] PHP Warning:  Constant RUNNING_FROM_MASTER_SETUP already defined, this will be an error in PHP 9 in /home/jak/git_repos/temper/app/setup_db.php on line 47
[31-May-2026 12:55:08 UTC] PHP Warning:  Constant RUNNING_FROM_MASTER_SETUP already defined, this will be an error in PHP 9 in /home/jak/git_repos/temper/app/setup_db.php on line 47
[31-May-2026 12:55:08 UTC] PHP Warning:  Constant RUNNING_FROM_MASTER_SETUP already defined, this will be an error in PHP 9 in /home/jak/git_repos/temper/app/setup_db.php on line 47
[31-May-2026 12:55:08 UTC] PHP Warning:  Constant RUNNING_FROM_MASTER_SETUP already defined, this will be an error in PHP 9 in /home/jak/git_repos/temper/app/setup_db.php on line 47
[31-May-2026 12:55:08 UTC] PHP Warning:  Constant RUNNING_FROM_MASTER_SETUP already defined, this will be an error in PHP 9 in /home/jak/git_repos/temper/app/setup_db.php on line 47
[31-May-2026 12:55:08 UTC] PHP Fatal error:  Uncaught mysqli_sql_exception: Duplicate key name 'idx_users_email' in /home/jak/git_repos/temper/app/setup-database/06-users-roles.php:53
Stack trace:
#0 /home/jak/git_repos/temper/app/setup-database/06-users-roles.php(53): mysqli->query()
#1 /home/jak/git_repos/temper/app/setup_db.php(48): include('...')
#2 {main}
  thrown in /home/jak/git_repos/temper/app/setup-database/06-users-roles.php on line 53
[17-Jun-2026 10:09:44 UTC] PHP Warning:  Undefined array key "REQUEST_METHOD" in /home/jak/git_repos/temper/app/pages/setup_functionalclasses.php on line 12
[18-Jun-2026 10:06:46 UTC] PHP Fatal error:  Uncaught mysqli_sql_exception: You have an error in your SQL syntax; check the manual that corresponds to your MariaDB server version for the right syntax to use near 'lines,SUM(CASE WHEN tl.type='debit' THEN tl.amount ELSE 0 END) debits,SUM(CAS...' at line 1 in /home/jak/git_repos/temper/app/pages/ledger.php:58
Stack trace:
#0 /home/jak/git_repos/temper/app/pages/ledger.php(58): mysqli->query()
#1 Command line code(4): require('...')
#2 {main}
  thrown in /home/jak/git_repos/temper/app/pages/ledger.php on line 58
[18-Jun-2026 10:06:56 UTC] PHP Fatal error:  Uncaught mysqli_sql_exception: You have an error in your SQL syntax; check the manual that corresponds to your MariaDB server version for the right syntax to use near 'lines,SUM(CASE WHEN tl.type='debit' THEN tl.amount ELSE 0 END) AS debits,SUM(...' at line 1 in /home/jak/git_repos/temper/app/pages/ledger.php:58
Stack trace:
#0 /home/jak/git_repos/temper/app/pages/ledger.php(58): mysqli->query()
#1 Command line code(4): require('...')
#2 {main}
  thrown in /home/jak/git_repos/temper/app/pages/ledger.php on line 58
[18-Jun-2026 10:06:59 UTC] PHP Fatal error:  Uncaught mysqli_sql_exception: You have an error in your SQL syntax; check the manual that corresponds to your MariaDB server version for the right syntax to use near 'lines,SUM(CASE WHEN tl.type="debit" THEN tl.amount ELSE 0 END) AS debits,SUM(...' at line 1 in Command line code:6
Stack trace:
#0 Command line code(6): mysqli->query()
#1 {main}
  thrown in Command line code on line 6
[18-Jun-2026 10:07:05 UTC] PHP Fatal error:  Uncaught mysqli_sql_exception: You have an error in your SQL syntax; check the manual that corresponds to your MariaDB server version for the right syntax to use near 'lines, SUM(CASE WHEN tl.type="debit" THEN tl.amount ELSE 0 END) AS debits, SU...' at line 1 in Command line code:5
Stack trace:
#0 Command line code(5): mysqli->query()
#1 {main}
  thrown in Command line code on line 5
[18-Jun-2026 10:07:09 UTC] PHP Fatal error:  Uncaught mysqli_sql_exception: You have an error in your SQL syntax; check the manual that corresponds to your MariaDB server version for the right syntax to use near 'lines, SUM(CASE WHEN tl.type="debit" THEN tl.amount ELSE 0 END) AS debits FRO...' at line 1 in Command line code:6
Stack trace:
#0 Command line code(6): mysqli->query()
#1 {main}
  thrown in Command line code on line 6
[18-Jun-2026 10:07:14 UTC] PHP Fatal error:  Uncaught mysqli_sql_exception: You have an error in your SQL syntax; check the manual that corresponds to your MariaDB server version for the right syntax to use near 'lines, SUM(CASE WHEN tl.type="debit" THEN tl.amount ELSE 0 END) AS debits FRO...' at line 1 in Command line code:6
Stack trace:
#0 Command line code(6): mysqli->query()
#1 {main}
  thrown in Command line code on line 6
[18-Jun-2026 10:07:20 UTC] PHP Fatal error:  Uncaught mysqli_sql_exception: You have an error in your SQL syntax; check the manual that corresponds to your MariaDB server version for the right syntax to use near 'lines, SUM(CASE WHEN tl.type='debit' THEN tl.amount ELSE 0 END) AS debits, SU...' at line 1 in /home/jak/git_repos/temper/app/pages/ledger.php:58
Stack trace:
#0 /home/jak/git_repos/temper/app/pages/ledger.php(58): mysqli->query()
#1 Command line code(4): require('...')
#2 {main}
  thrown in /home/jak/git_repos/temper/app/pages/ledger.php on line 58
[18-Jun-2026 10:07:23 UTC] PHP Fatal error:  Uncaught mysqli_sql_exception: You have an error in your SQL syntax; check the manual that corresponds to your MariaDB server version for the right syntax to use near 'lines, SUM(CASE WHEN tl.type="debit" THEN tl.amount ELSE 0 END) AS debits, SU...' at line 1 in Command line code:6
Stack trace:
#0 Command line code(6): mysqli->query()
#1 {main}
  thrown in Command line code on line 6
[18-Jun-2026 10:07:26 UTC] PHP Fatal error:  Uncaught mysqli_sql_exception: You have an error in your SQL syntax; check the manual that corresponds to your MariaDB server version for the right syntax to use near 'lines, SUM(CASE WHEN tl.type="debit" THEN tl.amount ELSE 0 END) AS debits FRO...' at line 1 in Command line code:5
Stack trace:
#0 Command line code(5): mysqli->query()
#1 {main}
  thrown in Command line code on line 5
[18-Jun-2026 10:07:28 UTC] PHP Fatal error:  Uncaught mysqli_sql_exception: You have an error in your SQL syntax; check the manual that corresponds to your MariaDB server version for the right syntax to use near 'lines, SUM(IF(tl.type="debit", tl.amount, 0)) AS debits, SUM(IF(tl.type="cred...' at line 1 in Command line code:5
Stack trace:
#0 Command line code(5): mysqli->query()
#1 {main}
  thrown in Command line code on line 5
[18-Jun-2026 10:07:31 UTC] PHP Fatal error:  Uncaught mysqli_sql_exception: You have an error in your SQL syntax; check the manual that corresponds to your MariaDB server version for the right syntax to use near 'lines FROM transaction_details td LEFT JOIN transaction_lines tl ON tl.transa...' at line 1 in Command line code:5
Stack trace:
#0 Command line code(5): mysqli->query()
#1 {main}
  thrown in Command line code on line 5
[18-Jun-2026 10:07:33 UTC] PHP Warning:  Undefined array key "REQUEST_METHOD" in /home/jak/git_repos/temper/app/pages/ledger.php on line 12
[18-Jun-2026 10:07:33 UTC] PHP Fatal error:  Uncaught mysqli_sql_exception: You have an error in your SQL syntax; check the manual that corresponds to your MariaDB server version for the right syntax to use near 'lines, SUM(CASE WHEN tl.type='debit' THEN tl.amount ELSE 0 END) AS debits, SU...' at line 1 in /home/jak/git_repos/temper/app/pages/ledger.php:58
Stack trace:
#0 /home/jak/git_repos/temper/app/pages/ledger.php(58): mysqli->query()
#1 Command line code(4): require('...')
#2 {main}
  thrown in /home/jak/git_repos/temper/app/pages/ledger.php on line 58
[18-Jun-2026 10:07:36 UTC] PHP Fatal error:  Uncaught mysqli_sql_exception: You have an error in your SQL syntax; check the manual that corresponds to your MariaDB server version for the right syntax to use near 'lines, SUM(CASE WHEN tl.type='debit' THEN tl.amount ELSE 0 END) AS debits, SU...' at line 1 in Command line code:6
Stack trace:
#0 Command line code(6): mysqli->query()
#1 {main}
  thrown in Command line code on line 6
[18-Jun-2026 10:07:45 UTC] PHP Fatal error:  Uncaught mysqli_sql_exception: You have an error in your SQL syntax; check the manual that corresponds to your MariaDB server version for the right syntax to use near 'lines, SUM(CASE WHEN tl.type="debit" THEN tl.amount ELSE 0 END) AS debits, SU...' at line 1 in /home/jak/git_repos/temper/app/pages/ledger.php:58
Stack trace:
#0 /home/jak/git_repos/temper/app/pages/ledger.php(58): mysqli->query()
#1 Command line code(4): require('...')
#2 {main}
  thrown in /home/jak/git_repos/temper/app/pages/ledger.php on line 58
[18-Jun-2026 10:07:48 UTC] PHP Fatal error:  Uncaught mysqli_sql_exception: You have an error in your SQL syntax; check the manual that corresponds to your MariaDB server version for the right syntax to use near 'lines, SUM(CASE WHEN tl.type="debit" THEN tl.amount ELSE 0 END) AS debits, SU...' at line 1 in Command line code:4
Stack trace:
#0 Command line code(4): mysqli->query()
#1 {main}
  thrown in Command line code on line 4
[18-Jun-2026 10:07:52 UTC] PHP Fatal error:  Uncaught mysqli_sql_exception: You have an error in your SQL syntax; check the manual that corresponds to your MariaDB server version for the right syntax to use near 'lines, SUM(CASE WHEN tl.type="debit" THEN tl.amount ELSE 0 END) AS debits, SU...' at line 1 in Command line code:6
Stack trace:
#0 Command line code(6): mysqli->query()
#1 {main}
  thrown in Command line code on line 6
[18-Jun-2026 10:07:59 UTC] PHP Fatal error:  Uncaught mysqli_sql_exception: You have an error in your SQL syntax; check the manual that corresponds to your MariaDB server version for the right syntax to use near 'lines, SUM(CASE WHEN tl.type="debit" THEN tl.amount ELSE 0 END) AS debits, SU...' at line 1 in Command line code:4
Stack trace:
#0 Command line code(4): mysqli->query()
#1 {main}
  thrown in Command line code on line 4
[18-Jun-2026 10:08:07 UTC] PHP Fatal error:  Uncaught mysqli_sql_exception: You have an error in your SQL syntax; check the manual that corresponds to your MariaDB server version for the right syntax to use near 'lines, SUM(CASE WHEN tl.type="debit" THEN tl.amount ELSE 0 END) AS debits, SU...' at line 1 in /home/jak/git_repos/temper/app/pages/ledger.php:58
Stack trace:
#0 /home/jak/git_repos/temper/app/pages/ledger.php(58): mysqli->query()
#1 Command line code(4): require('...')
#2 {main}
  thrown in /home/jak/git_repos/temper/app/pages/ledger.php on line 58
[18-Jun-2026 10:08:09 UTC] PHP Fatal error:  Uncaught mysqli_sql_exception: You have an error in your SQL syntax; check the manual that corresponds to your MariaDB server version for the right syntax to use near 'lines, SUM(CASE WHEN tl.type="debit" THEN tl.amount ELSE 0 END) AS debits, SU...' at line 1 in Command line code:5
Stack trace:
#0 Command line code(5): mysqli->query()
#1 {main}
  thrown in Command line code on line 5
[18-Jun-2026 10:08:16 UTC] PHP Fatal error:  Uncaught mysqli_sql_exception: You have an error in your SQL syntax; check the manual that corresponds to your MariaDB server version for the right syntax to use near 'lines, SUM(CASE WHEN tl.type='debit' THEN tl.amount ELSE 0 END) AS debits, SU...' at line 1 in Command line code:5
Stack trace:
#0 Command line code(5): mysqli->query()
#1 {main}
  thrown in Command line code on line 5
[18-Jun-2026 10:08:21 UTC] PHP Fatal error:  Uncaught mysqli_sql_exception: You have an error in your SQL syntax; check the manual that corresponds to your MariaDB server version for the right syntax to use near 'lines, SUM(CASE WHEN tl.type='debit' THEN tl.amount ELSE 0 END) AS debits, SU...' at line 1 in /tmp/testq.php:6
Stack trace:
#0 /tmp/testq.php(6): mysqli->query()
#1 {main}
  thrown in /tmp/testq.php on line 6
[18-Jun-2026 10:08:24 UTC] PHP Fatal error:  Uncaught mysqli_sql_exception: You have an error in your SQL syntax; check the manual that corresponds to your MariaDB server version for the right syntax to use near 'lines, SUM(CASE WHEN tl.type='debit' THEN tl.amount ELSE 0 END) AS debits FRO...' at line 1 in /tmp/testq.php:5
Stack trace:
#0 /tmp/testq.php(5): mysqli->query()
#1 {main}
  thrown in /tmp/testq.php on line 5
[18-Jun-2026 10:08:27 UTC] PHP Fatal error:  Uncaught mysqli_sql_exception: You have an error in your SQL syntax; check the manual that corresponds to your MariaDB server version for the right syntax to use near 'lines, SUM(CASE WHEN tl.type='debit' THEN tl.amount ELSE 0 END) AS debits FRO...' at line 1 in /tmp/testq.php:5
Stack trace:
#0 /tmp/testq.php(5): mysqli->query()
#1 {main}
  thrown in /tmp/testq.php on line 5
[18-Jun-2026 10:08:40 UTC] PHP Fatal error:  Uncaught mysqli_sql_exception: You have an error in your SQL syntax; check the manual that corresponds to your MariaDB server version for the right syntax to use near 'lines, SUM(CASE WHEN tl.type='debit' THEN tl.amount ELSE 0 END) AS debits, SU...' at line 1 in Standard input code:8
Stack trace:
#0 Standard input code(8): mysqli->query()
#1 {main}
  thrown in Standard input code on line 8
[18-Jun-2026 10:08:44 UTC] PHP Fatal error:  Uncaught mysqli_sql_exception: You have an error in your SQL syntax; check the manual that corresponds to your MariaDB server version for the right syntax to use near 'lines, SUM(CASE WHEN tl.type='debit' THEN tl.amount ELSE 0 END) AS debits, SU...' at line 1 in Standard input code:5
Stack trace:
#0 Standard input code(5): mysqli->query()
#1 {main}
  thrown in Standard input code on line 5
[18-Jun-2026 10:08:47 UTC] PHP Fatal error:  Uncaught mysqli_sql_exception: You have an error in your SQL syntax; check the manual that corresponds to your MariaDB server version for the right syntax to use near 'lines, SUM(CASE WHEN tl.type='debit' THEN tl.amount ELSE 0 END) AS debits, SU...' at line 1 in /tmp/testq.php:5
Stack trace:
#0 /tmp/testq.php(5): mysqli->query()
#1 {main}
  thrown in /tmp/testq.php on line 5
[18-Jun-2026 10:08:58 UTC] PHP Fatal error:  Uncaught mysqli_sql_exception: You have an error in your SQL syntax; check the manual that corresponds to your MariaDB server version for the right syntax to use near 'lines FROM transaction_details td LEFT JOIN transaction_lines tl ON tl.transa...' at line 1 in /home/jak/git_repos/temper/app/pages/ledger.php:58
Stack trace:
#0 /home/jak/git_repos/temper/app/pages/ledger.php(58): mysqli->query()
#1 Command line code(4): require('...')
#2 {main}
  thrown in /home/jak/git_repos/temper/app/pages/ledger.php on line 58
[18-Jun-2026 10:09:01 UTC] PHP Fatal error:  Uncaught mysqli_sql_exception: You have an error in your SQL syntax; check the manual that corresponds to your MariaDB server version for the right syntax to use near 'lines FROM transaction_details td LEFT JOIN transaction_lines tl ON tl.transa...' at line 1 in Command line code:7
Stack trace:
#0 Command line code(7): mysqli->query()
#1 {main}
  thrown in Command line code on line 7
[18-Jun-2026 10:35:04 UTC] PHP Fatal error:  Uncaught Error: mysqli object is already closed in Command line code:13
Stack trace:
#0 Command line code(13): mysqli->close()
#1 {main}
  thrown in Command line code on line 13
[18-Jun-2026 10:35:25 UTC] PHP Warning:  Cannot modify header information - headers already sent by (output started at Command line code:6) in /home/jak/git_repos/temper/app/pages/ledger.php on line 55
[18-Jun-2026 10:46:37 UTC] PHP Fatal error:  Uncaught Error: mysqli object is already closed in Command line code:13
Stack trace:
#0 Command line code(13): mysqli->close()
#1 {main}
  thrown in Command line code on line 13
[18-Jun-2026 10:46:49 UTC] PHP Fatal error:  Uncaught Error: mysqli object is already closed in Command line code:10
Stack trace:
#0 Command line code(10): mysqli->close()
#1 {main}
  thrown in Command line code on line 10
[18-Jun-2026 10:46:52 UTC] PHP Fatal error:  Uncaught Error: mysqli object is already closed in Command line code:13
Stack trace:
#0 Command line code(13): mysqli->close()
#1 {main}
  thrown in Command line code on line 13
[19-Jun-2026 10:14:47 UTC] PHP Warning:  Undefined array key "REQUEST_METHOD" in /home/jak/git_repos/temper/app/pages/ledger.php on line 60
[19-Jun-2026 10:15:01 UTC] PHP Warning:  Undefined array key "REQUEST_METHOD" in /home/jak/git_repos/temper/app/pages/ledger.php on line 60
[19-Jun-2026 10:34:13 UTC] PHP Warning:  Undefined array key "REQUEST_METHOD" in /home/jak/git_repos/temper/app/pages/ledger.php on line 60
[19-Jun-2026 10:42:04 UTC] PHP Warning:  Undefined array key "REQUEST_METHOD" in /home/jak/git_repos/temper/app/pages/ledger.php on line 60
[19-Jun-2026 14:40:16 UTC] PHP Fatal error:  Uncaught mysqli_sql_exception: Access denied for user 'treasurer_user'@'localhost' in /home/jak/git_repos/temper/app/config.php:22
Stack trace:
#0 /home/jak/git_repos/temper/app/config.php(22): mysqli->__construct()
#1 /home/jak/git_repos/temper/app/auth.php(13): getDbConnection()
#2 /home/jak/git_repos/temper/app/login.php(21): login()
#3 {main}
  thrown in /home/jak/git_repos/temper/app/config.php on line 22
[19-Jun-2026 15:10:35 UTC] PHP Fatal error:  Uncaught mysqli_sql_exception: Unknown column 'username' in 'SELECT' in /home/jak/git_repos/temper/app/auth.php:19
Stack trace:
#0 /home/jak/git_repos/temper/app/auth.php(19): mysqli->prepare()
#1 /home/jak/git_repos/temper/app/login.php(21): login()
#2 {main}
  thrown in /home/jak/git_repos/temper/app/auth.php on line 19
[19-Jun-2026 15:11:06 UTC] PHP Fatal error:  Uncaught mysqli_sql_exception: Unknown column 'username' in 'SELECT' in /home/jak/git_repos/temper/app/auth.php:19
Stack trace:
#0 /home/jak/git_repos/temper/app/auth.php(19): mysqli->prepare()
#1 /home/jak/git_repos/temper/app/login.php(21): login()
#2 {main}
  thrown in /home/jak/git_repos/temper/app/auth.php on line 19
